TAP version 13
1..2
not ok 1 - src/types/physicPaint.test.ts # time=25.61ms {
    1..6
    ok 1 - physic paint payload contracts # time=6.87ms {
        1..29
        ok 1 - clamps generic apply frame counts to the established UI range # time=0.62ms
        ok 2 - accepts Roto launch context, project identity, the v1.0 document carrier, and background metadata # time=0.65ms
        ok 3 - validates Roto interpolation settings and durable segment overrides # time=0.39ms
        ok 4 - validates Roto cache provenance and background metadata # time=0.17ms
        ok 5 - accepts still, interpolation, deletion, and authoritative real-key replacement payloads only # time=0.20ms
        ok 6 - accepts only the insert-empty-segment transport contract # time=0.74ms
        ok 7 - strictly parses and canonically serializes one Insert Slot intent # time=0.18ms
        ok 8 - strictly parses and canonically serializes every ordinary physical-edit intent # time=0.79ms
        ok 9 - strictly parses and canonically serializes the push-rails intent with XOR anchor and bounded delta # time=0.20ms
        ok 10 - strictly parses and canonically serializes the move-rails intent with exact member shapes and integer delta # time=0.21ms
        ok 11 - round-trips paste-key startsNewSegment and rejects a non-boolean flag # time=0.18ms
        ok 12 - rejects malformed, duplicate, reordered, and ambiguous ordinary intent authorization # time=0.57ms
        ok 13 - requires current background metadata only on Play Script physical transactions # time=0.13ms
        ok 14 - accepts a lifecycle-complete Group Paint payload and exact settlement result # time=0.30ms
        ok 15 - accepts the closed delete-group-frame lifecycle operation impact # time=0.09ms
        ok 16 - accepts the closed delete-group lifecycle operation impact # time=0.05ms
        ok 17 - accepts the closed delete-rails lifecycle operation impact # time=0.05ms
        ok 18 - accepts the closed regenerate-group lifecycle operation impact # time=0.05ms
        ok 19 - accepts the closed detach-action-groups lifecycle operation impact # time=0.05ms
        ok 20 - accepts the closed delete-action-groups lifecycle operation impact # time=0.05ms
        ok 21 - round-trips a valid delete-rails payload and rejects malformed member descriptors # time=0.19ms
        ok 22 - rejects omitted, unknown, malformed, duplicate, and operation-mismatched Group lifecycle facts # time=0.27ms
        ok 23 - rejects a Group carrying only the 'syncState' lifecycle field # time=0.07ms
        ok 24 - rejects a Group carrying only the 'provenanceState' lifecycle field # time=0.05ms
        ok 25 - rejects a Group carrying only the 'phaseOrigin' lifecycle field # time=0.04ms
        ok 26 - rejects a Group carrying only the 'originalEndExclusive' lifecycle field # time=0.04ms
        ok 27 - rejects a Group carrying only the 'visibleRanges' lifecycle field # time=0.04ms
        ok 28 - rejects a Group carrying only the 'frameOverrides' lifecycle field # time=0.04ms
        ok 29 - validates namespaced frame-sync messages # time=0.05ms
    }
    ok 2 - 52.2-10 bridge transfer entries (D-12) # time=0.97ms {
        1..6
        ok 1 - serializes an unchanged real-key entry as a reference with no raster-sized string # time=0.32ms
        ok 2 - carries a changed frame bytes in a separate digest-keyed field and keeps the digest in the canonical form # time=0.16ms
        ok 3 - is byte-identical across two serializations of the same unchanged entry and of its re-parsed form # time=0.09ms
        ok 4 - refuses an entry carrying both a media reference and a payload for the same key (ambiguous ownership) # time=0.05ms
        ok 5 - refuses malformed identity, reference, and byte-channel shapes # time=0.23ms
        ok 6 - keeps the paste-group entry key set fail-closed against a both-carrier payload # time=0.08ms
    }
    ok 3 - roto physical revision payload tokenization (G-52-6) # time=2.29ms {
        1..6
        ok 1 - never embeds the full payload dataUrl in the canonical encoding (reveal-baked keys carry multi-MB PNGs) # time=0.37ms
        ok 2 - keeps equal content equal and rotates on any payload change # time=1.07ms
        ok 3 - distinguishes same-length payloads that share the PNG-header head (the head-slice collision hole) # time=0.15ms
        ok 4 - tokenizes group-override payloads too # time=0.09ms
        ok 5 - rejects a pre-cutover full-dataUrl revision (legacy open path removed — clean break) # time=0.31ms
        ok 6 - still fails closed on a genuinely tampered revision # time=0.27ms
    }
    ok 4 - referenced Action transaction contracts # time=10.36ms {
        1..10
        ok 1 - accepts one exact forward prepare request and its token/acknowledge requests # time=0.54ms
        ok 2 - accepts one exact undo prepare request and its token/acknowledge requests # time=0.14ms
        ok 3 - accepts one exact redo prepare request and its token/acknowledge requests # time=0.13ms
        ok 4 - accepts only closed transaction modes and history release reasons # time=0.24ms
        ok 5 - rejects unknown, missing, mismatched, and malformed prepare authority # time=0.36ms
        ok 6 - rejects a target whose physicalHash does not match the canonical physical document # time=0.11ms
        ok 7 - pins the canonical physical hash reference vector shared with the Rust boundary # time=6.33ms
        ok 8 - pins the canonical background encoding with grainScale for the Rust parity # time=0.17ms
        ok 9 - distinguishes every durable journal and retained-history result state # time=2.04ms
        ok 10 - validates retained metadata and rejects stale-shaped result variants # time=0.24ms
    }
    ok 5 - isWebpBytes # time=0.23ms {
        1..5
        ok 1 - accepts WebP RIFF/WEBP/VP8L lossless bytes # time=0.04ms
        ok 2 - rejects a PNG signature # time=0.04ms
        ok 3 - rejects a lossy WebP (VP8, not VP8L) # time=0.03ms
        ok 4 - rejects non-array values # time=0.05ms
        ok 5 - rejects arrays shorter than the WebP header # time=0.04ms
    }
    not ok 6 - shared gallery kind discriminator (52.5-01a, Q2, D-03) # time=4.65ms {
        1..3
        not ok 1 - validates a library request carrying kind "audio" while image payloads stay valid # time=4.12ms
            ---
            error:
                name: "AssertionError"
                message: "expected false to be true // Object.is equality"
            at: "/Users/lmarques/Dev/efx-motion-editor/app/src/types/physicPaint.test.ts:1112:86"
            actual: "false"
            expected: "true"
            ...
        not ok 2 - validates a library result carrying audioAssets while image-only results stay valid # time=0.28ms
            ---
            error:
                name: "AssertionError"
                message: "expected false to be true // Object.is equality"
            at: "/Users/lmarques/Dev/efx-motion-editor/app/src/types/physicPaint.test.ts:1122:7"
            actual: "false"
            expected: "true"
            ...
        not ok 3 - validates an import request carrying kind "audio" while image imports stay valid # time=0.23ms
            ---
            error:
                name: "AssertionError"
                message: "expected false to be true // Object.is equality"
            at: "/Users/lmarques/Dev/efx-motion-editor/app/src/types/physicPaint.test.ts:1130:112"
            actual: "false"
            expected: "true"
            ...
    }
}
not ok 2 - src/components/physic-paint/bridge/physicsPaintLaunchContext.test.ts # time=7.62ms {
    1..2
    ok 1 - physicsPaintLaunchContext # time=4.62ms {
        1..5
        ok 1 - parses canonical encoded Roto launch envelopes while rejecting incomplete or flat input # time=2.36ms
        ok 2 - rejects fail-closed document carriers: unknown members and startFrame/cursor mismatch # time=0.51ms
        ok 3 - parses encoded workflow labels without replacing layer names # time=0.29ms
        ok 4 - preserves parent-owned project and stable layer display metadata without paths # time=0.30ms
        ok 5 - applies launch context and resolved Roto settings only # time=0.87ms
    }
    not ok 2 - documentAudio closed launch section (52.5-01a, Q1, T-52.5-08) # time=2.74ms {
        1..3
        not ok 1 - accepts a payload carrying documentAudio alongside audioPreview # time=2.22ms
            ---
            error:
                name: "AssertionError"
                message: "expected null not to be null"
            at: "/Users/lmarques/Dev/efx-motion-editor/app/src/components/physic-paint/bridge/physicsPaintLaunchContext.test.ts:142:24"
            actual: "null"
            expected: "null"
            ...
        ok 2 - rejects a documentAudio section carrying one extra ad-hoc key (fail-closed null) # time=0.12ms
        ok 3 - keeps a launch without documentAudio unchanged # time=0.35ms
    }
}
