TAP version 13
1..1
not ok 1 - src/components/physic-paint/view/soundBandGeometry.test.ts # time=11.57ms {
    1..5
    not ok 1 - soundBandGeometry — band layout constants (D-07) # time=4.88ms {
        1..3
        not ok 1 - (t1) the band is 36px with an 8px inset and a 14px stain half-extent # time=3.81ms
            ---
            error:
                name: "Error"
                message: "Failed to load url ./soundBandGeometry (resolved id: ./soundBandGeometry) in /Users/lmarques/Dev/efx-motion-editor/app/src/components/physic-paint/view/soundBandGeometry.test.ts. Does the file exist?"
            at: "/Users/lmarques/Dev/efx-motion-editor/node_modules/.pnpm/vite@5.4.21_@types+node@24.12.2_lightningcss@1.31.1/node_modules/vite/dist/node/chunks/dep-BK3b2jBa.js:51969:17"
            ...
        not ok 2 - (t2) arm thresholds: 4px stain reposition, 2px trim, 6px end zones, 8px hit depth # time=0.52ms
            ---
            error:
                name: "Error"
                message: "Failed to load url ./soundBandGeometry (resolved id: ./soundBandGeometry) in /Users/lmarques/Dev/efx-motion-editor/app/src/components/physic-paint/view/soundBandGeometry.test.ts. Does the file exist?"
            at: "/Users/lmarques/Dev/efx-motion-editor/node_modules/.pnpm/vite@5.4.21_@types+node@24.12.2_lightningcss@1.31.1/node_modules/vite/dist/node/chunks/dep-BK3b2jBa.js:51969:17"
            ...
        not ok 3 - (t3) the stain spans [start, start+(out-in)] in content space at cell pitch # time=0.28ms
            ---
            error:
                name: "Error"
                message: "Failed to load url ./soundBandGeometry (resolved id: ./soundBandGeometry) in /Users/lmarques/Dev/efx-motion-editor/app/src/components/physic-paint/view/soundBandGeometry.test.ts. Does the file exist?"
            at: "/Users/lmarques/Dev/efx-motion-editor/node_modules/.pnpm/vite@5.4.21_@types+node@24.12.2_lightningcss@1.31.1/node_modules/vite/dist/node/chunks/dep-BK3b2jBa.js:51969:17"
            ...
    }
    not ok 2 - soundBandGeometry — tier selection mirrors TimelineRenderer.drawAudioTrack (D-04) # time=0.28ms {
        1..1
        not ok 1 - (t4) pixelsPerPeak < 1 -> tier1, > 4 -> tier3, else tier2; no peaks -> null # time=0.26ms
            ---
            error:
                name: "Error"
                message: "Failed to load url ./soundBandGeometry (resolved id: ./soundBandGeometry) in /Users/lmarques/Dev/efx-motion-editor/app/src/components/physic-paint/view/soundBandGeometry.test.ts. Does the file exist?"
            at: "/Users/lmarques/Dev/efx-motion-editor/node_modules/.pnpm/vite@5.4.21_@types+node@24.12.2_lightningcss@1.31.1/node_modules/vite/dist/node/chunks/dep-BK3b2jBa.js:51969:17"
            ...
    }
    not ok 3 - soundBandGeometry — filled waveform path (TimelineRenderer trace adapted) # time=0.27ms {
        1..1
        not ok 1 - (t5) traces maxes left-to-right on top, mins right-to-left on bottom, inside ±14 of center # time=0.25ms
            ---
            error:
                name: "Error"
                message: "Failed to load url ./soundBandGeometry (resolved id: ./soundBandGeometry) in /Users/lmarques/Dev/efx-motion-editor/app/src/components/physic-paint/view/soundBandGeometry.test.ts. Does the file exist?"
            at: "/Users/lmarques/Dev/efx-motion-editor/node_modules/.pnpm/vite@5.4.21_@types+node@24.12.2_lightningcss@1.31.1/node_modules/vite/dist/node/chunks/dep-BK3b2jBa.js:51969:17"
            ...
    }
    not ok 4 - soundBandGeometry — trim law (UI-SPEC: in < out, min span 1, start >= 0, parent end) # time=0.89ms {
        1..3
        not ok 1 - (t6) reposition clamps start >= 0 and keeps the span inside the parent end # time=0.25ms
            ---
            error:
                name: "Error"
                message: "Failed to load url ./soundBandGeometry (resolved id: ./soundBandGeometry) in /Users/lmarques/Dev/efx-motion-editor/app/src/components/physic-paint/view/soundBandGeometry.test.ts. Does the file exist?"
            at: "/Users/lmarques/Dev/efx-motion-editor/node_modules/.pnpm/vite@5.4.21_@types+node@24.12.2_lightningcss@1.31.1/node_modules/vite/dist/node/chunks/dep-BK3b2jBa.js:51969:17"
            ...
        not ok 2 - (t7) trim start moves start+in together, keeps min span 1 and start >= 0 # time=0.35ms
            ---
            error:
                name: "Error"
                message: "Failed to load url ./soundBandGeometry (resolved id: ./soundBandGeometry) in /Users/lmarques/Dev/efx-motion-editor/app/src/components/physic-paint/view/soundBandGeometry.test.ts. Does the file exist?"
            at: "/Users/lmarques/Dev/efx-motion-editor/node_modules/.pnpm/vite@5.4.21_@types+node@24.12.2_lightningcss@1.31.1/node_modules/vite/dist/node/chunks/dep-BK3b2jBa.js:51969:17"
            ...
        not ok 3 - (t8) trim end clamps to a 1-frame span and the timeline end to the parent end # time=0.26ms
            ---
            error:
                name: "Error"
                message: "Failed to load url ./soundBandGeometry (resolved id: ./soundBandGeometry) in /Users/lmarques/Dev/efx-motion-editor/app/src/components/physic-paint/view/soundBandGeometry.test.ts. Does the file exist?"
            at: "/Users/lmarques/Dev/efx-motion-editor/node_modules/.pnpm/vite@5.4.21_@types+node@24.12.2_lightningcss@1.31.1/node_modules/vite/dist/node/chunks/dep-BK3b2jBa.js:51969:17"
            ...
    }
    not ok 5 - soundBandGeometry — band surface source contract (plan acceptance criteria) # time=5.04ms {
        1..4
        not ok 1 - (t9) physicsPaintStudio.css carries the 36px band, the stain token, and the untouched playhead contract # time=2.97ms
            ---
            error:
                name: "AssertionError"
                message: "expected false to be true // Object.is equality"
            at: "/Users/lmarques/Dev/efx-motion-editor/app/src/components/physic-paint/view/soundBandGeometry.test.ts:125:25"
            actual: "false"
            expected: "true"
            ...
        not ok 2 - (t10) the strip renderer carries the 36px chrome height and renders the stain behind the ticks # time=0.67ms
            ---
            error:
                name: "AssertionError"
                message: "expected false to be true // Object.is equality"
            at: "/Users/lmarques/Dev/efx-motion-editor/app/src/components/physic-paint/view/soundBandGeometry.test.ts:137:63"
            actual: "false"
            expected: "true"
            ...
        not ok 3 - (t11) the gesture truth table is encoded at the handler level (T-52.5-13) # time=0.61ms
            ---
            error:
                name: "AssertionError"
                message: "expected false to be true // Object.is equality"
            at: "/Users/lmarques/Dev/efx-motion-editor/app/src/components/physic-paint/view/soundBandGeometry.test.ts:151:91"
            actual: "false"
            expected: "true"
            ...
        not ok 4 - (t12) the launcher is a 24x26 nav button with the Document sound label and AudioWaveform icon # time=0.74ms
            ---
            error:
                name: "AssertionError"
                message: "expected false to be true // Object.is equality"
            at: "/Users/lmarques/Dev/efx-motion-editor/app/src/components/physic-paint/view/soundBandGeometry.test.ts:165:57"
            actual: "false"
            expected: "true"
            ...
    }
}
